== self-test (must pass before anything else) ==
SELF-TEST  range [0, 100000)  [default: 1 mod 24]  vs Python/SymPy reference
  ok   primes in class                1181
  ok   depth r = 3                    575
  ok   depth r = 7                    475
  ok   depth r = 11                   83
  ok   depth r = 15                   11
  ok   depth r = 19                   16
  ok   depth r = 23                   15
  ok   depth r = 27                   1
  ok   depth r = 31                   5
  ok   level J  (Jacobi) failures     834
  ok   level RC (other real chi)      0
  ok   level S  (beyond real chi)     0
  ok   level R  (residual)            20
  ok   total failures                 854
  ok   max depth                      31
  ok   escalations                    0
  ok   pair-DP path uses              0
  ok   level-R list                all 20 match (p, A, r)

SELF-TEST  range [0, 100000)  [--hard840: 6 square classes mod 840]  vs Python/SymPy reference
  ok   primes in class                273
  ok   depth r = 3                    87
  ok   depth r = 7                    55
  ok   depth r = 11                   83
  ok   depth r = 15                   11
  ok   depth r = 19                   16
  ok   depth r = 23                   15
  ok   depth r = 27                   1
  ok   depth r = 31                   5
  ok   level J  (Jacobi) failures     414
  ok   level RC (other real chi)      0
  ok   level S  (beyond real chi)     0
  ok   level R  (residual)            20
  ok   total failures                 434
  ok   max depth                      31
  ok   escalations                    0
  ok   pair-DP path uses              0
  ok   level-R list                all 20 match (p, A, r)

SELF-TEST PASSED

== census [0, 10000000000000) ==
   shards(global)=192   this machine=0 of 1
   jobs=24 x threads=1 = 24 cores   spanlog=22
   outdir=c13   emit-residual=0   hard840=1

   this machine owns shards: 0 1 2 3 4 5 6 7 8 9 10 11 12 13 14 15 16 17 18 19 20 21 22 23 24 25 26 27 28 29 30 31 32 33 34 35 36 37 38 39 40 41 42 43 44 45 46 47 48 49 50 51 52 53 54 55 56 57 58 59 60 61 62 63 64 65 66 67 68 69 70 71 72 73 74 75 76 77 78 79 80 81 82 83 84 85 86 87 88 89 90 91 92 93 94 95 96 97 98 99 100 101 102 103 104 105 106 107 108 109 110 111 112 113 114 115 116 117 118 119 120 121 122 123 124 125 126 127 128 129 130 131 132 133 134 135 136 137 138 139 140 141 142 143 144 145 146 147 148 149 150 151 152 153 154 155 156 157 158 159 160 161 162 163 164 165 166 167 168 169 170 171 172 173 174 175 176 177 178 179 180 181 182 183 184 185 186 187 188 189 190 191

  shard 0: pid 3349  ->  c13/shard_0.out
  shard 1: pid 3353  ->  c13/shard_1.out
  shard 2: pid 3357  ->  c13/shard_2.out
  shard 3: pid 3361  ->  c13/shard_3.out
  shard 4: pid 3365  ->  c13/shard_4.out
  shard 5: pid 3369  ->  c13/shard_5.out
  shard 6: pid 3373  ->  c13/shard_6.out
  shard 7: pid 3377  ->  c13/shard_7.out
  shard 8: pid 3381  ->  c13/shard_8.out
  shard 9: pid 3385  ->  c13/shard_9.out
  shard 10: pid 3389  ->  c13/shard_10.out
  shard 11: pid 3393  ->  c13/shard_11.out
  shard 12: pid 3397  ->  c13/shard_12.out
  shard 13: pid 3401  ->  c13/shard_13.out
  shard 14: pid 3405  ->  c13/shard_14.out
  shard 15: pid 3409  ->  c13/shard_15.out
  shard 16: pid 3413  ->  c13/shard_16.out
  shard 17: pid 3417  ->  c13/shard_17.out
  shard 18: pid 3421  ->  c13/shard_18.out
  shard 19: pid 3425  ->  c13/shard_19.out
  shard 20: pid 3429  ->  c13/shard_20.out
  shard 21: pid 3433  ->  c13/shard_21.out
  shard 22: pid 3437  ->  c13/shard_22.out
  shard 23: pid 3441  ->  c13/shard_23.out
  shard 24: pid 3486  ->  c13/shard_24.out
  shard 25: pid 3493  ->  c13/shard_25.out
  shard 26: pid 3500  ->  c13/shard_26.out
  shard 27: pid 3507  ->  c13/shard_27.out
  shard 28: pid 3514  ->  c13/shard_28.out
  shard 29: pid 3521  ->  c13/shard_29.out
  shard 30: pid 3528  ->  c13/shard_30.out
  shard 31: pid 3535  ->  c13/shard_31.out
  shard 32: pid 3542  ->  c13/shard_32.out
  shard 33: pid 3549  ->  c13/shard_33.out
  shard 34: pid 3556  ->  c13/shard_34.out
  shard 35: pid 3560  ->  c13/shard_35.out
  shard 36: pid 3570  ->  c13/shard_36.out
  shard 37: pid 3578  ->  c13/shard_37.out
  shard 38: pid 3585  ->  c13/shard_38.out
  shard 39: pid 3593  ->  c13/shard_39.out
  shard 40: pid 3603  ->  c13/shard_40.out
  shard 41: pid 3610  ->  c13/shard_41.out
  shard 42: pid 3617  ->  c13/shard_42.out
  shard 43: pid 3624  ->  c13/shard_43.out
  shard 44: pid 3631  ->  c13/shard_44.out
  shard 45: pid 3638  ->  c13/shard_45.out
  shard 46: pid 3645  ->  c13/shard_46.out
  shard 47: pid 3654  ->  c13/shard_47.out
  shard 48: pid 3682  ->  c13/shard_48.out
  shard 49: pid 3689  ->  c13/shard_49.out
  shard 50: pid 3696  ->  c13/shard_50.out
  shard 51: pid 3703  ->  c13/shard_51.out
  shard 52: pid 3710  ->  c13/shard_52.out
  shard 53: pid 3717  ->  c13/shard_53.out
  shard 54: pid 3724  ->  c13/shard_54.out
  shard 55: pid 3731  ->  c13/shard_55.out
  shard 56: pid 3738  ->  c13/shard_56.out
  shard 57: pid 3745  ->  c13/shard_57.out
  shard 58: pid 3752  ->  c13/shard_58.out
  shard 59: pid 3759  ->  c13/shard_59.out
  shard 60: pid 3766  ->  c13/shard_60.out
  shard 61: pid 3774  ->  c13/shard_61.out
  shard 62: pid 3782  ->  c13/shard_62.out
  shard 63: pid 3789  ->  c13/shard_63.out
  shard 64: pid 3796  ->  c13/shard_64.out
  shard 65: pid 3803  ->  c13/shard_65.out
  shard 66: pid 3810  ->  c13/shard_66.out
  shard 67: pid 3817  ->  c13/shard_67.out
  shard 68: pid 3832  ->  c13/shard_68.out
  shard 69: pid 3839  ->  c13/shard_69.out
  shard 70: pid 3846  ->  c13/shard_70.out
  shard 71: pid 3853  ->  c13/shard_71.out
  shard 72: pid 3895  ->  c13/shard_72.out
  shard 73: pid 3902  ->  c13/shard_73.out
  shard 74: pid 3909  ->  c13/shard_74.out
  shard 75: pid 3916  ->  c13/shard_75.out
  shard 76: pid 3923  ->  c13/shard_76.out
  shard 77: pid 3930  ->  c13/shard_77.out
  shard 78: pid 3937  ->  c13/shard_78.out
  shard 79: pid 3944  ->  c13/shard_79.out
  shard 80: pid 3951  ->  c13/shard_80.out
  shard 81: pid 3958  ->  c13/shard_81.out
  shard 82: pid 3967  ->  c13/shard_82.out
  shard 83: pid 3974  ->  c13/shard_83.out
  shard 84: pid 3981  ->  c13/shard_84.out
  shard 85: pid 3988  ->  c13/shard_85.out
  shard 86: pid 3995  ->  c13/shard_86.out
  shard 87: pid 4002  ->  c13/shard_87.out
  shard 88: pid 4009  ->  c13/shard_88.out
  shard 89: pid 4016  ->  c13/shard_89.out
  shard 90: pid 4025  ->  c13/shard_90.out
  shard 91: pid 4032  ->  c13/shard_91.out
  shard 92: pid 4039  ->  c13/shard_92.out
  shard 93: pid 4048  ->  c13/shard_93.out
  shard 94: pid 4056  ->  c13/shard_94.out
  shard 95: pid 4063  ->  c13/shard_95.out
  shard 96: pid 4089  ->  c13/shard_96.out
  shard 97: pid 4096  ->  c13/shard_97.out
  shard 98: pid 4103  ->  c13/shard_98.out
  shard 99: pid 4111  ->  c13/shard_99.out
  shard 100: pid 4118  ->  c13/shard_100.out
  shard 101: pid 4126  ->  c13/shard_101.out
  shard 102: pid 4133  ->  c13/shard_102.out
  shard 103: pid 4140  ->  c13/shard_103.out
  shard 104: pid 4147  ->  c13/shard_104.out
  shard 105: pid 4154  ->  c13/shard_105.out
  shard 106: pid 4161  ->  c13/shard_106.out
  shard 107: pid 4168  ->  c13/shard_107.out
  shard 108: pid 4176  ->  c13/shard_108.out
  shard 109: pid 4183  ->  c13/shard_109.out
  shard 110: pid 4190  ->  c13/shard_110.out
  shard 111: pid 4198  ->  c13/shard_111.out
  shard 112: pid 4205  ->  c13/shard_112.out
  shard 113: pid 4212  ->  c13/shard_113.out
  shard 114: pid 4219  ->  c13/shard_114.out
  shard 115: pid 4228  ->  c13/shard_115.out
  shard 116: pid 4235  ->  c13/shard_116.out
  shard 117: pid 4242  ->  c13/shard_117.out
  shard 118: pid 4253  ->  c13/shard_118.out
  shard 119: pid 4260  ->  c13/shard_119.out
  shard 120: pid 4281  ->  c13/shard_120.out
  shard 121: pid 4289  ->  c13/shard_121.out
  shard 122: pid 4296  ->  c13/shard_122.out
  shard 123: pid 4303  ->  c13/shard_123.out
  shard 124: pid 4310  ->  c13/shard_124.out
  shard 125: pid 4317  ->  c13/shard_125.out
  shard 126: pid 4324  ->  c13/shard_126.out
  shard 127: pid 4333  ->  c13/shard_127.out
  shard 128: pid 4340  ->  c13/shard_128.out
  shard 129: pid 4348  ->  c13/shard_129.out
  shard 130: pid 4356  ->  c13/shard_130.out
  shard 131: pid 4366  ->  c13/shard_131.out
  shard 132: pid 4373  ->  c13/shard_132.out
  shard 133: pid 4380  ->  c13/shard_133.out
  shard 134: pid 4387  ->  c13/shard_134.out
  shard 135: pid 4394  ->  c13/shard_135.out
  shard 136: pid 4401  ->  c13/shard_136.out
  shard 137: pid 4410  ->  c13/shard_137.out
  shard 138: pid 4417  ->  c13/shard_138.out
  shard 139: pid 4424  ->  c13/shard_139.out
  shard 140: pid 4432  ->  c13/shard_140.out
  shard 141: pid 4440  ->  c13/shard_141.out
  shard 142: pid 4450  ->  c13/shard_142.out
  shard 143: pid 4458  ->  c13/shard_143.out
  shard 144: pid 4478  ->  c13/shard_144.out
  shard 145: pid 4485  ->  c13/shard_145.out
  shard 146: pid 4492  ->  c13/shard_146.out
  shard 147: pid 4499  ->  c13/shard_147.out
  shard 148: pid 4506  ->  c13/shard_148.out
  shard 149: pid 4513  ->  c13/shard_149.out
  shard 150: pid 4521  ->  c13/shard_150.out
  shard 151: pid 4529  ->  c13/shard_151.out
  shard 152: pid 4536  ->  c13/shard_152.out
  shard 153: pid 4543  ->  c13/shard_153.out
  shard 154: pid 4550  ->  c13/shard_154.out
  shard 155: pid 4557  ->  c13/shard_155.out
  shard 156: pid 4564  ->  c13/shard_156.out
  shard 157: pid 4571  ->  c13/shard_157.out
  shard 158: pid 4579  ->  c13/shard_158.out
  shard 159: pid 4587  ->  c13/shard_159.out
  shard 160: pid 4594  ->  c13/shard_160.out
  shard 161: pid 4602  ->  c13/shard_161.out
  shard 162: pid 4610  ->  c13/shard_162.out
  shard 163: pid 4620  ->  c13/shard_163.out
  shard 164: pid 4627  ->  c13/shard_164.out
  shard 165: pid 4636  ->  c13/shard_165.out
  shard 166: pid 4645  ->  c13/shard_166.out
  shard 167: pid 4652  ->  c13/shard_167.out
  shard 168: pid 4688  ->  c13/shard_168.out
  shard 169: pid 4696  ->  c13/shard_169.out
  shard 170: pid 4703  ->  c13/shard_170.out
  shard 171: pid 4710  ->  c13/shard_171.out
  shard 172: pid 4717  ->  c13/shard_172.out
  shard 173: pid 4724  ->  c13/shard_173.out
  shard 174: pid 4731  ->  c13/shard_174.out
  shard 175: pid 4738  ->  c13/shard_175.out
  shard 176: pid 4746  ->  c13/shard_176.out
  shard 177: pid 4753  ->  c13/shard_177.out
  shard 178: pid 4761  ->  c13/shard_178.out
  shard 179: pid 4768  ->  c13/shard_179.out
  shard 180: pid 4775  ->  c13/shard_180.out
  shard 181: pid 4782  ->  c13/shard_181.out
  shard 182: pid 4789  ->  c13/shard_182.out
  shard 183: pid 4798  ->  c13/shard_183.out
  shard 184: pid 4805  ->  c13/shard_184.out
  shard 185: pid 4812  ->  c13/shard_185.out
  shard 186: pid 4821  ->  c13/shard_186.out
  shard 187: pid 4828  ->  c13/shard_187.out
  shard 188: pid 4835  ->  c13/shard_188.out
  shard 189: pid 4847  ->  c13/shard_189.out
  shard 190: pid 4854  ->  c13/shard_190.out
  shard 191: pid 4862  ->  c13/shard_191.out

== merging ==
range              [0, 10000000000000)
shards             192
primes = 1 (24)    10,814,395,686
failed rungs       7,285,198,759

  level J   (Jacobi)                 7,211,448,416   98.9877%
  level RC  (other real char)               12,112    0.0002%
  level S   (beyond real chars)              1,309    0.0000%
  level R   (residual miss)             73,736,922    1.0121%

max depth          131  at p = 6,367,024,012,441
escalations        0   (no hit within --rmax; must be 0)

depth histogram:
  r =    3      6,301,628,764
  r =    7      2,593,181,905
  r =   11      1,416,167,727
  r =   15        273,892,233
  r =   19        149,346,838
  r =   23         58,412,325
  r =   27          9,921,069
  r =   31          8,786,510
  r =   35          1,385,330
  r =   39            990,911
  r =   43            268,435
  r =   47            283,202
  r =   51             50,061
  r =   55             39,639
  r =   59             24,663
  r =   63              7,059
  r =   67              2,435
  r =   71              4,293
  r =   75                708
  r =   79                946
  r =   83                314
  r =   87                163
  r =   91                 41
  r =   95                 41
  r =   99                 16
  r =  103                 24
  r =  107                 16
  r =  111                  8
  r =  115                  1
  r =  119                  4
  r =  127                  4
  r =  131                  1

wrote c13/MERGED.txt and c13/interesting.txt (20,001 non-J / deep lines)

all consistency checks passed
